file comments-2.js:



============================

