file expressions.js:
  import  express
  func  %fn2    ()
  var   app    



============================

# Name: %fn2
# File: expressions.js
# Location: expressions.js:1:0
func %fn2():
0:                                                                         entry
	%t0 = console.log("testing")
	%t1 = make closure %fn2$1 
	%t2 = app.get("/", %t1)
	%t3 = make closure %fn2$2 
	%t4 = app.set("/", %t3)

