file functions.js:
  import  fs 
  var   a  
  func  f1  (a, b)
  func  f10 ()
  func  f11 ()
  func  f2  (a)
  func  f3  (a, b)
  func  f4  ()
  func  f5  (path)
  func  f6  ()
  func  f7  (b)
  func  f8  (a)
  func  f9  (a)



============================

# Name: f1
# File: functions.js
# Location: functions.js:19:0
func f1(a, b):
0:                                                                         entry
	%t0 = a + b
	%t1 = f2(%t0)
	%t2 = %t1 * "5"
	return %t2
1:                                                                   unreachable

# Name: f10
# File: functions.js
# Location: functions.js:80:0
# Locals:
#   0:	x
#   1:	y
func f10():
0:                                                                         entry
	%t0 = Math.random()
	%t1 = console.log(%t0)
	%t2 = "z"
	%t3 = console.log(%t2)

# Name: f11
# File: functions.js
# Location: functions.js:87:0
# Locals:
#   0:	a
#   1:	b
#   2:	c
#   3:	d
#   4:	e
func f11():
0:                                                                         entry
	%t0 = array["a","b","c"]
	%t1 = constructor(ExClass)
	%t2 = f2()
	%t3 = constructor(ExClass)["a","b","c",%t2]
	%t4 = hashmap[{"k": "v"},{"k2": "v2"}]
	%t5 = hashmap[{"k": "v"}]
	%t6 = hashmap[{"k": "v"}]
	%t7 = array[%t5,%t6]

# Name: f2
# File: functions.js
# Location: functions.js:21:11
func f2(a):
0:                                                                         entry
	%t0 = a + "10"
	return %t0
1:                                                                   unreachable

# Name: f3
# File: functions.js
# Location: functions.js:23:0
# Locals:
#   0:	a
#   1:	c
#   2:	res
func f3(a, b):
0:                                                                         entry
	%t0 = "20"
	%t1 = %t0 + b
	%t2 = console.log(%t1)
	%t3 = f2(%t1)
	return %t3
1:                                                                   unreachable

# Name: f4
# File: functions.js
# Location: functions.js:31:0
# Locals:
#   0:	result
func f4():
0:                                                                         entry
	sum = make closure sum 
	sub = make closure sub 
	%t0 = sum("10", "20")
	%t1 = doSomething(%t0)
	%t2 = console.log("result: ${result}")

# Name: f5
# File: functions.js
# Location: functions.js:42:0
func f5(path):
0:                                                                         entry
	%t0 = make closure f5$1 
	%t1 = fs.readFile(path, %t0)

# Name: f6
# File: functions.js
# Location: functions.js:48:0
# Locals:
#   0:	value
func f6():
0:                                                                         entry
	%t0 = f1("10", "20")
	%t1 = f2("30")
	%t2 = %t0 + %t1
	%t3 = %t2 * "10"
	%t4 = %t3 / "2"
	return %t4
1:                                                                   unreachable

# Name: f7
# File: functions.js
# Location: functions.js:55:0
# Locals:
#   0:	c
#   1:	d
#   2:	e
#   3:	f
#   4:	g
#   5:	h
func f7(b):
0:                                                                         entry
	%t0 = "y"
	%t1 = "y"
	%t2 = "y"
	%t3 = "x"
	%t4 = "x"
	%t5 = b

# Name: f8
# File: functions.js
# Location: functions.js:64:0
# Locals:
#   0:	b
#   1:	c
func f8(a):
0:                                                                         entry
	%t0 = a
	%t1 = a

# Name: f9
# File: functions.js
# Location: functions.js:69:0
# Locals:
#   0:	a
#   1:	a.b
#   2:	b
func f9(a):
0:                                                                         entry
	%t0 = a.b()
	%t1 = %t0.c("10")
	%t2 = a.b.c()
	%t3 = a.b("10")
	%t4 = %t3.c.d("20")
	%t5 = nil
	%t6 = c()

