file imports.js:
  import  process 
  import  stream  
  import  stream  
  import  fs      
  import  fs      
  import  net     
  import  os      
  import  child_process



============================

