file statements.js:
  func  ExportStatement                             ()
  func  ForInStatement                              ()
  func  ForStatement                                ()
  func  ForStatementEmptyBody                       ()
  func  ForStatementEndlessRecursion                ()
  func  ForStatementIteratingOverList               (data)
  func  ForStatementWithoutBinaryExpressionIncremet ()
  func  IfStatement                                 (a, b)
  func  SwitchStatement                             ()
  func  TryStatement                                ()
  func  TryStatementWithoutCatch                    ()
  func  TryStatementWithoutFinally                  ()
  func  WhileStatement                              ()



============================

# Name: ExportStatement
# File: statements.js
# Location: statements.js:159:0
func ExportStatement():
0:                                                                         entry

# Name: ForInStatement
# File: statements.js
# Location: statements.js:151:0
# Locals:
#   0:	values
func ForInStatement():
0:                                                                         entry
	%t0 = array["a","b","c"]

# Name: ForStatement
# File: statements.js
# Location: statements.js:117:0
# Locals:
#   0:	i
#   1:	i
#   2:	i
func ForStatement():
0:                                                                         entry
	jump 2
1:                                                                      for.body
	%t3 = %t1 + "1"
	%t4 = console.log(%t3)
	jump 2
2:                                                                      for.loop
	%t0 = "0"
	%t1 = phi [2: %t0, 1: %t3] #i
	%t2 = %t1 < "9"
	if %t2 goto 1 else 3
3:                                                                      for.done

# Name: ForStatementEmptyBody
# File: statements.js
# Location: statements.js:144:0
# Locals:
#   0:	i
#   1:	i
#   2:	i
func ForStatementEmptyBody():
0:                                                                         entry
	jump 2
1:                                                                      for.body
	%t3 = %t1 + "1"
	jump 2
2:                                                                      for.loop
	%t0 = "0"
	%t1 = phi [2: %t0, 1: %t3] #i
	%t2 = %t1 < l
	if %t2 goto 1 else 3
3:                                                                      for.done

# Name: ForStatementEndlessRecursion
# File: statements.js
# Location: statements.js:138:0
func ForStatementEndlessRecursion():
0:                                                                         entry
	jump 1
1:                                                                      for.body
	%t0 = console.log("endless recursion")
	jump 1
2:                                                                      for.done

# Name: ForStatementIteratingOverList
# File: statements.js
# Location: statements.js:124:0
# Locals:
#   0:	i
#   1:	i
#   2:	i
#   3:	sum
func ForStatementIteratingOverList(data):
0:                                                                         entry
	%t0 = "0"
	jump 2
1:                                                                      for.body
	%t4 = %t2 + "1"
	jump 2
2:                                                                      for.loop
	%t1 = "0"
	%t2 = phi [2: %t1, 1: %t4] #i
	%t3 = %t2 < data.length
	if %t3 goto 1 else 3
3:                                                                      for.done
	return %t0
4:                                                                   unreachable

# Name: ForStatementWithoutBinaryExpressionIncremet
# File: statements.js
# Location: statements.js:133:0
func ForStatementWithoutBinaryExpressionIncremet():
0:                                                                         entry
	jump 2
1:                                                                      for.body
	jump 2
2:                                                                      for.loop
	if c goto 1 else 3
3:                                                                      for.done

# Name: IfStatement
# File: statements.js
# Location: statements.js:17:0
# Locals:
#   0:	a
#   1:	a
#   2:	a
#   3:	c
func IfStatement(a, b):
0:                                                                         entry
	%t0 = a >= "10"
	if %t0 goto 1 else 3
1:                                                                       if.then
	%t1 = b * "2"
	jump 2
2:                                                                       if.done
	%t7 = phi [1: %t1, 4: %t3, 6: %t4] #a
	return %t7
3:                                                                       if.else
	%t2 = a <= "5"
	if %t2 goto 4 else 6
4:                                                                       if.then
	%t3 = b + a
	jump 5
5:                                                                       if.done
	jump 2
6:                                                                       if.else
	%t4 = a + b
	%t5 = %t4 * "10"
	%t6 = console.log(%t5)
	jump 5
7:                                                                   unreachable

# Name: SwitchStatement
# File: statements.js
# Location: statements.js:99:0
# Locals:
#   0:	fruits
func SwitchStatement():
0:                                                                         entry
	%t0 = "Oranges"

# Name: TryStatement
# File: statements.js
# Location: statements.js:30:0
func TryStatement():
0:                                                                         entry
	%t0 = console.log("try entry")
1:                                                                      try.then
	%t1 = console.log("try body")
	jump 4
2:                                                                      try.done
	%t5 = console.log("try done")
3:                                                                   try.finally
	%t2 = console.log("try finally")
	jump 2
4:                                                                     try.catch
	if e goto 5 else 3
5:                                                                   try.catch.0
	%t3 = console.log(e)
	%t4 = console.log("try catch")
	jump 3

# Name: TryStatementWithoutCatch
# File: statements.js
# Location: statements.js:61:0
func TryStatementWithoutCatch():
0:                                                                         entry
	%t0 = console.log("try entry")
1:                                                                      try.then
	%t1 = console.log("try body")
	jump 3
2:                                                                      try.done
	%t3 = console.log("try done")
3:                                                                   try.finally
	%t2 = console.log("try finally")
	jump 2

# Name: TryStatementWithoutFinally
# File: statements.js
# Location: statements.js:47:0
func TryStatementWithoutFinally():
0:                                                                         entry
	%t0 = console.log("try entry")
1:                                                                      try.then
	%t1 = console.log("try body")
	jump 3
2:                                                                      try.done
	%t4 = console.log("try done")
3:                                                                     try.catch
	if e goto 4 else 2
4:                                                                   try.catch.0
	%t2 = console.log(e)
	%t3 = console.log("try catch")
	jump 2

# Name: WhileStatement
# File: statements.js
# Location: statements.js:74:0
func WhileStatement():
0:                                                                         entry

