     0  *ast.File {
     1  .  Position: ast.Position {}
     2  .  Name: *ast.Ident {
     3  .  .  Name: "comments.js"
     4  .  .  Position: ast.Position {}
     5  .  }
     6  .  Decls: []ast.Decl (len = 2) {
     7  .  .  0: *ast.FuncDecl {
     8  .  .  .  Position: ast.Position {}
     9  .  .  .  Name: *ast.Ident {
    10  .  .  .  .  Name: "f3"
    11  .  .  .  .  Position: ast.Position {}
    12  .  .  .  }
    13  .  .  .  Type: *ast.FuncType {
    14  .  .  .  .  Position: ast.Position {}
    15  .  .  .  .  Params: *ast.FieldList {
    16  .  .  .  .  .  Position: ast.Position {}
    17  .  .  .  .  }
    18  .  .  .  }
    19  .  .  .  Body: *ast.BlockStmt {
    20  .  .  .  .  Position: ast.Position {}
    21  .  .  .  .  List: []ast.Stmt (len = 2) {
    22  .  .  .  .  .  0: *ast.ExprStmt {
    23  .  .  .  .  .  .  Position: ast.Position {}
    24  .  .  .  .  .  .  Expr: *ast.CallExpr {
    25  .  .  .  .  .  .  .  Position: ast.Position {}
    26  .  .  .  .  .  .  .  Fun: *ast.SelectorExpr {
    27  .  .  .  .  .  .  .  .  Position: ast.Position {}
    28  .  .  .  .  .  .  .  .  Expr: *ast.Ident {
    29  .  .  .  .  .  .  .  .  .  Name: "console"
    30  .  .  .  .  .  .  .  .  .  Position: ast.Position {}
    31  .  .  .  .  .  .  .  .  }
    32  .  .  .  .  .  .  .  .  Sel: *ast.Ident {
    33  .  .  .  .  .  .  .  .  .  Name: "log"
    34  .  .  .  .  .  .  .  .  .  Position: ast.Position {}
    35  .  .  .  .  .  .  .  .  }
    36  .  .  .  .  .  .  .  }
    37  .  .  .  .  .  .  .  Args: []ast.Expr (len = 1) {
    38  .  .  .  .  .  .  .  .  0: *ast.BasicLit {
    39  .  .  .  .  .  .  .  .  .  Position: ast.Position {}
    40  .  .  .  .  .  .  .  .  .  Kind: "string"
    41  .  .  .  .  .  .  .  .  .  Value: "f3-2"
    42  .  .  .  .  .  .  .  .  }
    43  .  .  .  .  .  .  .  }
    44  .  .  .  .  .  .  }
    45  .  .  .  .  .  }
    46  .  .  .  .  .  1: *ast.ExprStmt {
    47  .  .  .  .  .  .  Position: ast.Position {}
    48  .  .  .  .  .  .  Expr: *ast.CallExpr {
    49  .  .  .  .  .  .  .  Position: ast.Position {}
    50  .  .  .  .  .  .  .  Fun: *ast.SelectorExpr {
    51  .  .  .  .  .  .  .  .  Position: ast.Position {}
    52  .  .  .  .  .  .  .  .  Expr: *ast.Ident {
    53  .  .  .  .  .  .  .  .  .  Name: "console"
    54  .  .  .  .  .  .  .  .  .  Position: ast.Position {}
    55  .  .  .  .  .  .  .  .  }
    56  .  .  .  .  .  .  .  .  Sel: *ast.Ident {
    57  .  .  .  .  .  .  .  .  .  Name: "log"
    58  .  .  .  .  .  .  .  .  .  Position: ast.Position {}
    59  .  .  .  .  .  .  .  .  }
    60  .  .  .  .  .  .  .  }
    61  .  .  .  .  .  .  .  Args: []ast.Expr (len = 1) {
    62  .  .  .  .  .  .  .  .  0: *ast.BasicLit {
    63  .  .  .  .  .  .  .  .  .  Position: ast.Position {}
    64  .  .  .  .  .  .  .  .  .  Kind: "string"
    65  .  .  .  .  .  .  .  .  .  Value: "f3-3"
    66  .  .  .  .  .  .  .  .  }
    67  .  .  .  .  .  .  .  }
    68  .  .  .  .  .  .  }
    69  .  .  .  .  .  }
    70  .  .  .  .  }
    71  .  .  .  }
    72  .  .  }
    73  .  .  1: *ast.ClassDecl {
    74  .  .  .  Position: ast.Position {}
    75  .  .  .  Name: *ast.Ident {
    76  .  .  .  .  Name: "Foo"
    77  .  .  .  .  Position: ast.Position {}
    78  .  .  .  }
    79  .  .  .  Body: *ast.BodyDecl {
    80  .  .  .  .  Position: ast.Position {}
    81  .  .  .  .  List: []ast.Decl (len = 1) {
    82  .  .  .  .  .  0: *ast.FuncDecl {
    83  .  .  .  .  .  .  Position: ast.Position {}
    84  .  .  .  .  .  .  Name: *ast.Ident {
    85  .  .  .  .  .  .  .  Name: "bar"
    86  .  .  .  .  .  .  .  Position: ast.Position {}
    87  .  .  .  .  .  .  }
    88  .  .  .  .  .  .  Type: *ast.FuncType {
    89  .  .  .  .  .  .  .  Position: ast.Position {}
    90  .  .  .  .  .  .  .  Params: *ast.FieldList {
    91  .  .  .  .  .  .  .  .  Position: ast.Position {}
    92  .  .  .  .  .  .  .  }
    93  .  .  .  .  .  .  }
    94  .  .  .  .  .  .  Body: *ast.BlockStmt {
    95  .  .  .  .  .  .  .  Position: ast.Position {}
    96  .  .  .  .  .  .  .  List: []ast.Stmt (len = 0) {}
    97  .  .  .  .  .  .  }
    98  .  .  .  .  .  }
    99  .  .  .  .  }
   100  .  .  .  }
   101  .  .  }
   102  .  }
   103  }
