     0  *ast.File {
     1  .  Position: ast.Position {}
     2  .  Name: *ast.Ident {
     3  .  .  Name: "imports.js"
     4  .  .  Position: ast.Position {}
     5  .  }
     6  .  Decls: []ast.Decl (len = 8) {
     7  .  .  0: *ast.ImportDecl {
     8  .  .  .  Position: ast.Position {}
     9  .  .  .  Name: *ast.Ident {
    10  .  .  .  .  Name: "fs"
    11  .  .  .  .  Position: ast.Position {}
    12  .  .  .  }
    13  .  .  .  Path: *ast.Ident {
    14  .  .  .  .  Name: "fs"
    15  .  .  .  .  Position: ast.Position {}
    16  .  .  .  }
    17  .  .  }
    18  .  .  1: *ast.ImportDecl {
    19  .  .  .  Position: ast.Position {}
    20  .  .  .  Name: *ast.Ident {
    21  .  .  .  .  Name: "net"
    22  .  .  .  .  Position: ast.Position {}
    23  .  .  .  }
    24  .  .  .  Path: *ast.Ident {
    25  .  .  .  .  Name: "net"
    26  .  .  .  .  Position: ast.Position {}
    27  .  .  .  }
    28  .  .  }
    29  .  .  2: *ast.ImportDecl {
    30  .  .  .  Position: ast.Position {}
    31  .  .  .  Name: *ast.Ident {
    32  .  .  .  .  Name: "spawn"
    33  .  .  .  .  Position: ast.Position {}
    34  .  .  .  }
    35  .  .  .  Path: *ast.Ident {
    36  .  .  .  .  Name: "child_process"
    37  .  .  .  .  Position: ast.Position {}
    38  .  .  .  }
    39  .  .  }
    40  .  .  3: *ast.ImportDecl {
    41  .  .  .  Position: ast.Position {}
    42  .  .  .  Name: *ast.Ident {
    43  .  .  .  .  Name: "Readable"
    44  .  .  .  .  Position: ast.Position {}
    45  .  .  .  }
    46  .  .  .  Path: *ast.Ident {
    47  .  .  .  .  Name: "stream"
    48  .  .  .  .  Position: ast.Position {}
    49  .  .  .  }
    50  .  .  }
    51  .  .  4: *ast.ImportDecl {
    52  .  .  .  Position: ast.Position {}
    53  .  .  .  Name: *ast.Ident {
    54  .  .  .  .  Name: "Writable"
    55  .  .  .  .  Position: ast.Position {}
    56  .  .  .  }
    57  .  .  .  Path: *ast.Ident {
    58  .  .  .  .  Name: "stream"
    59  .  .  .  .  Position: ast.Position {}
    60  .  .  .  }
    61  .  .  }
    62  .  .  5: *ast.ImportDecl {
    63  .  .  .  Position: ast.Position {}
    64  .  .  .  Path: *ast.Ident {
    65  .  .  .  .  Name: "process"
    66  .  .  .  .  Position: ast.Position {}
    67  .  .  .  }
    68  .  .  }
    69  .  .  6: *ast.ImportDecl {
    70  .  .  .  Position: ast.Position {}
    71  .  .  .  Name: *ast.Ident {
    72  .  .  .  .  Name: "readFile"
    73  .  .  .  .  Position: ast.Position {}
    74  .  .  .  }
    75  .  .  .  Alias: *ast.Ident {
    76  .  .  .  .  Name: "fsRead"
    77  .  .  .  .  Position: ast.Position {}
    78  .  .  .  }
    79  .  .  .  Path: *ast.Ident {
    80  .  .  .  .  Name: "fs"
    81  .  .  .  .  Position: ast.Position {}
    82  .  .  .  }
    83  .  .  }
    84  .  .  7: *ast.ImportDecl {
    85  .  .  .  Position: ast.Position {}
    86  .  .  .  Name: *ast.Ident {
    87  .  .  .  .  Name: "os"
    88  .  .  .  .  Position: ast.Position {}
    89  .  .  .  }
    90  .  .  .  Path: *ast.Ident {
    91  .  .  .  .  Name: "os"
    92  .  .  .  .  Position: ast.Position {}
    93  .  .  .  }
    94  .  .  }
    95  .  }
    96  }
